{
	"theme_name":"Golden Falcon Theme",
	"description":"This page is noob",
	"colors":
	{
		"brown" : "",
		"gray" : "",
		"red" : ""
	}
}